// Jest Snapshot v1, https://goo.gl/fbAQLP

exports[`Forecast Component matches snapshot 1`] = `
<div>
  <div
    class="forecast-container"
  >
    <div
      class="forecast-item"
    >
      <p
        class="forecast-day"
      >
        Sat
      </p>
      <img
        class="forecast-icon"
        src="https://openweathermap.org/img/wn/10d@2x.png"
      />
      <div
        class="temp-container"
      >
        <span
          class="max-temp"
        >
          36
        </span>
        <span
          class="min-temp"
        >
          23
        </span>
      </div>
    </div>
    <div
      class="forecast-item"
    >
      <p
        class="forecast-day"
      >
        Sun
      </p>
      <img
        class="forecast-icon"
        src="https://openweathermap.org/img/wn/10d@2x.png"
      />
      <div
        class="temp-container"
      >
        <span
          class="max-temp"
        >
          44
        </span>
        <span
          class="min-temp"
        >
          31
        </span>
      </div>
    </div>
    <div
      class="forecast-item"
    >
      <p
        class="forecast-day"
      >
        Mon
      </p>
      <img
        class="forecast-icon"
        src="https://openweathermap.org/img/wn/10d@2x.png"
      />
      <div
        class="temp-container"
      >
        <span
          class="max-temp"
        >
          52
        </span>
        <span
          class="min-temp"
        >
          39
        </span>
      </div>
    </div>
    <div
      class="forecast-item"
    >
      <p
        class="forecast-day"
      >
        Tue
      </p>
      <img
        class="forecast-icon"
        src="https://openweathermap.org/img/wn/10d@2x.png"
      />
      <div
        class="temp-container"
      >
        <span
          class="max-temp"
        >
          60
        </span>
        <span
          class="min-temp"
        >
          47
        </span>
      </div>
    </div>
  </div>
</div>
`;

exports[`Forecast component should match snapshot 1`] = `
<div>
  <div
    class="forecast-container"
  >
    <div
      class="forecast-item"
    >
      <p
        class="forecast-day"
      >
        Sat
      </p>
      <img
        class="forecast-icon"
        src="https://openweathermap.org/img/wn/10d@2x.png"
      />
      <div
        class="temp-container"
      >
        <span
          class="max-temp"
        >
          36
        </span>
        <span
          class="min-temp"
        >
          23
        </span>
      </div>
    </div>
    <div
      class="forecast-item"
    >
      <p
        class="forecast-day"
      >
        Sun
      </p>
      <img
        class="forecast-icon"
        src="https://openweathermap.org/img/wn/10d@2x.png"
      />
      <div
        class="temp-container"
      >
        <span
          class="max-temp"
        >
          44
        </span>
        <span
          class="min-temp"
        >
          31
        </span>
      </div>
    </div>
    <div
      class="forecast-item"
    >
      <p
        class="forecast-day"
      >
        Mon
      </p>
      <img
        class="forecast-icon"
        src="https://openweathermap.org/img/wn/10d@2x.png"
      />
      <div
        class="temp-container"
      >
        <span
          class="max-temp"
        >
          52
        </span>
        <span
          class="min-temp"
        >
          39
        </span>
      </div>
    </div>
    <div
      class="forecast-item"
    >
      <p
        class="forecast-day"
      >
        Tue
      </p>
      <img
        class="forecast-icon"
        src="https://openweathermap.org/img/wn/10d@2x.png"
      />
      <div
        class="temp-container"
      >
        <span
          class="max-temp"
        >
          60
        </span>
        <span
          class="min-temp"
        >
          47
        </span>
      </div>
    </div>
  </div>
</div>
`;

exports[`Forecast component should match the snapshot 1`] = `
<div>
  <div
    class="forecast-container"
  >
    <div
      class="forecast-item"
    >
      <p
        class="forecast-day"
      >
        Sat
      </p>
      <img
        class="forecast-icon"
        src="https://openweathermap.org/img/wn/10d@2x.png"
      />
      <div
        class="temp-container"
      >
        <span
          class="max-temp"
        >
          36
        </span>
        <span
          class="min-temp"
        >
          23
        </span>
      </div>
    </div>
    <div
      class="forecast-item"
    >
      <p
        class="forecast-day"
      >
        Sun
      </p>
      <img
        class="forecast-icon"
        src="https://openweathermap.org/img/wn/10d@2x.png"
      />
      <div
        class="temp-container"
      >
        <span
          class="max-temp"
        >
          44
        </span>
        <span
          class="min-temp"
        >
          31
        </span>
      </div>
    </div>
    <div
      class="forecast-item"
    >
      <p
        class="forecast-day"
      >
        Mon
      </p>
      <img
        class="forecast-icon"
        src="https://openweathermap.org/img/wn/10d@2x.png"
      />
      <div
        class="temp-container"
      >
        <span
          class="max-temp"
        >
          52
        </span>
        <span
          class="min-temp"
        >
          39
        </span>
      </div>
    </div>
    <div
      class="forecast-item"
    >
      <p
        class="forecast-day"
      >
        Tue
      </p>
      <img
        class="forecast-icon"
        src="https://openweathermap.org/img/wn/10d@2x.png"
      />
      <div
        class="temp-container"
      >
        <span
          class="max-temp"
        >
          60
        </span>
        <span
          class="min-temp"
        >
          47
        </span>
      </div>
    </div>
  </div>
</div>
`;
